Archive member included to satisfy reference by file (symbol)

C:/ST/STM32CubeIDE_1.10.1/STM32CubeIDE/plugins/com.st.stm32cube.ide.mcu.externaltools.gnu-tools-for-stm32.11.3.rel1.win32_1.1.100.202309141235/tools/bin/../lib/gcc/arm-none-eabi/11.3.1/../../../../arm-none-eabi/lib/thumb/v7e-m+fp/hard\libc_nano.a(libc_a-exit.o)
                              C:/ST/STM32CubeIDE_1.10.1/STM32CubeIDE/plugins/com.st.stm32cube.ide.mcu.externaltools.gnu-tools-for-stm32.11.3.rel1.win32_1.1.100.202309141235/tools/bin/../lib/gcc/arm-none-eabi/11.3.1/../../../../arm-none-eabi/lib/thumb/v7e-m+fp/hard/crt0.o (exit)
C:/ST/STM32CubeIDE_1.10.1/STM32CubeIDE/plugins/com.st.stm32cube.ide.mcu.externaltools.gnu-tools-for-stm32.11.3.rel1.win32_1.1.100.202309141235/tools/bin/../lib/gcc/arm-none-eabi/11.3.1/../../../../arm-none-eabi/lib/thumb/v7e-m+fp/hard\libc_nano.a(libc_a-findfp.o)
                              C:/ST/STM32CubeIDE_1.10.1/STM32CubeIDE/plugins/com.st.stm32cube.ide.mcu.externaltools.gnu-tools-for-stm32.11.3.rel1.win32_1.1.100.202309141235/tools/bin/../lib/gcc/arm-none-eabi/11.3.1/../../../../arm-none-eabi/lib/thumb/v7e-m+fp/hard\libc_nano.a(libc_a-exit.o) (__stdio_exit_handler)
C:/ST/STM32CubeIDE_1.10.1/STM32CubeIDE/plugins/com.st.stm32cube.ide.mcu.externaltools.gnu-tools-for-stm32.11.3.rel1.win32_1.1.100.202309141235/tools/bin/../lib/gcc/arm-none-eabi/11.3.1/../../../../arm-none-eabi/lib/thumb/v7e-m+fp/hard\libc_nano.a(libc_a-fwalk.o)
                              C:/ST/STM32CubeIDE_1.10.1/STM32CubeIDE/plugins/com.st.stm32cube.ide.mcu.externaltools.gnu-tools-for-stm32.11.3.rel1.win32_1.1.100.202309141235/tools/bin/../lib/gcc/arm-none-eabi/11.3.1/../../../../arm-none-eabi/lib/thumb/v7e-m+fp/hard\libc_nano.a(libc_a-findfp.o) (_fwalk_sglue)
C:/ST/STM32CubeIDE_1.10.1/STM32CubeIDE/plugins/com.st.stm32cube.ide.mcu.externaltools.gnu-tools-for-stm32.11.3.rel1.win32_1.1.100.202309141235/tools/bin/../lib/gcc/arm-none-eabi/11.3.1/../../../../arm-none-eabi/lib/thumb/v7e-m+fp/hard\libc_nano.a(libc_a-stdio.o)
                              C:/ST/STM32CubeIDE_1.10.1/STM32CubeIDE/plugins/com.st.stm32cube.ide.mcu.externaltools.gnu-tools-for-stm32.11.3.rel1.win32_1.1.100.202309141235/tools/bin/../lib/gcc/arm-none-eabi/11.3.1/../../../../arm-none-eabi/lib/thumb/v7e-m+fp/hard\libc_nano.a(libc_a-findfp.o) (__sread)
C:/ST/STM32CubeIDE_1.10.1/STM32CubeIDE/plugins/com.st.stm32cube.ide.mcu.externaltools.gnu-tools-for-stm32.11.3.rel1.win32_1.1.100.202309141235/tools/bin/../lib/gcc/arm-none-eabi/11.3.1/../../../../arm-none-eabi/lib/thumb/v7e-m+fp/hard\libc_nano.a(libc_a-memset.o)
                              C:/ST/STM32CubeIDE_1.10.1/STM32CubeIDE/plugins/com.st.stm32cube.ide.mcu.externaltools.gnu-tools-for-stm32.11.3.rel1.win32_1.1.100.202309141235/tools/bin/../lib/gcc/arm-none-eabi/11.3.1/../../../../arm-none-eabi/lib/thumb/v7e-m+fp/hard/crt0.o (memset)
C:/ST/STM32CubeIDE_1.10.1/STM32CubeIDE/plugins/com.st.stm32cube.ide.mcu.externaltools.gnu-tools-for-stm32.11.3.rel1.win32_1.1.100.202309141235/tools/bin/../lib/gcc/arm-none-eabi/11.3.1/../../../../arm-none-eabi/lib/thumb/v7e-m+fp/hard\libc_nano.a(libc_a-closer.o)
                              C:/ST/STM32CubeIDE_1.10.1/STM32CubeIDE/plugins/com.st.stm32cube.ide.mcu.externaltools.gnu-tools-for-stm32.11.3.rel1.win32_1.1.100.202309141235/tools/bin/../lib/gcc/arm-none-eabi/11.3.1/../../../../arm-none-eabi/lib/thumb/v7e-m+fp/hard\libc_nano.a(libc_a-stdio.o) (_close_r)
C:/ST/STM32CubeIDE_1.10.1/STM32CubeIDE/plugins/com.st.stm32cube.ide.mcu.externaltools.gnu-tools-for-stm32.11.3.rel1.win32_1.1.100.202309141235/tools/bin/../lib/gcc/arm-none-eabi/11.3.1/../../../../arm-none-eabi/lib/thumb/v7e-m+fp/hard\libc_nano.a(libc_a-reent.o)
                              C:/ST/STM32CubeIDE_1.10.1/STM32CubeIDE/plugins/com.st.stm32cube.ide.mcu.externaltools.gnu-tools-for-stm32.11.3.rel1.win32_1.1.100.202309141235/tools/bin/../lib/gcc/arm-none-eabi/11.3.1/../../../../arm-none-eabi/lib/thumb/v7e-m+fp/hard\libc_nano.a(libc_a-closer.o) (errno)
C:/ST/STM32CubeIDE_1.10.1/STM32CubeIDE/plugins/com.st.stm32cube.ide.mcu.externaltools.gnu-tools-for-stm32.11.3.rel1.win32_1.1.100.202309141235/tools/bin/../lib/gcc/arm-none-eabi/11.3.1/../../../../arm-none-eabi/lib/thumb/v7e-m+fp/hard\libc_nano.a(libc_a-impure.o)
                              C:/ST/STM32CubeIDE_1.10.1/STM32CubeIDE/plugins/com.st.stm32cube.ide.mcu.externaltools.gnu-tools-for-stm32.11.3.rel1.win32_1.1.100.202309141235/tools/bin/../lib/gcc/arm-none-eabi/11.3.1/../../../../arm-none-eabi/lib/thumb/v7e-m+fp/hard\libc_nano.a(libc_a-reent.o) (_impure_ptr)
C:/ST/STM32CubeIDE_1.10.1/STM32CubeIDE/plugins/com.st.stm32cube.ide.mcu.externaltools.gnu-tools-for-stm32.11.3.rel1.win32_1.1.100.202309141235/tools/bin/../lib/gcc/arm-none-eabi/11.3.1/../../../../arm-none-eabi/lib/thumb/v7e-m+fp/hard\libc_nano.a(libc_a-lseekr.o)
[...]
Memory Configuration

Name             Origin             Length             Attributes
RAM              0x0000000020000000 0x0000000000020000 xrw
FLASH            0x0000000008000000 0x0000000000080000 xr
*default*        0x0000000000000000 0xffffffffffffffff

Linker script and memory map

LOAD C:/ST/STM32CubeIDE_1.10.1/STM32CubeIDE/plugins/com.st.stm32cube.ide.mcu.externaltools.gnu-tools-for-stm32.11.3.rel1.win32_1.1.100.202309141235/tools/bin/../lib/gcc/arm-none-eabi/11.3.1/thumb/v7e-m+fp/hard/crti.o
LOAD C:/ST/STM32CubeIDE_1.10.1/STM32CubeIDE/plugins/com.st.stm32cube.ide.mcu.externaltools.gnu-tools-for-stm32.11.3.rel1.win32_1.1.100.202309141235/tools/bin/../lib/gcc/arm-none-eabi/11.3.1/thumb/v7e-m+fp/hard/crtbegin.o
LOAD C:/ST/STM32CubeIDE_1.10.1/STM32CubeIDE/plugins/com.st.stm32cube.ide.mcu.externaltools.gnu-tools-for-stm32.11.3.rel1.win32_1.1.100.202309141235/tools/bin/../lib/gcc/arm-none-eabi/11.3.1/../../../../arm-none-eabi/lib/thumb/v7e-m+fp/hard/crt0.o
LOAD ./CMSIS/src/system_stm32f4xx.o
LOAD ./Core/src/RCC_F411.o
LOAD ./Core/src/SD_F411.o
LOAD ./Core/src/SPI_master_F411.o
LOAD ./Core/src/fonts.o
LOAD ./Core/src/ili9341.o
LOAD ./Core/src/ili9341_touch.o
LOAD ./Core/src/main.o
LOAD ./Startup/startup_stm32f411retx.o
START GROUP
LOAD C:/ST/STM32CubeIDE_1.10.1/STM32CubeIDE/plugins/com.st.stm32cube.ide.mcu.externaltools.gnu-tools-for-stm32.11.3.rel1.win32_1.1.100.202309141235/tools/bin/../lib/gcc/arm-none-eabi/11.3.1/../../../../arm-none-eabi/lib/thumb/v7e-m+fp/hard\libc_nano.a
LOAD C:/ST/STM32CubeIDE_1.10.1/STM32CubeIDE/plugins/com.st.stm32cube.ide.mcu.externaltools.gnu-tools-for-stm32.11.3.rel1.win32_1.1.100.202309141235/tools/bin/../lib/gcc/arm-none-eabi/11.3.1/../../../../arm-none-eabi/lib/thumb/v7e-m+fp/hard\libm.a
END GROUP
START GROUP
LOAD C:/ST/STM32CubeIDE_1.10.1/STM32CubeIDE/plugins/com.st.stm32cube.ide.mcu.externaltools.gnu-tools-for-stm32.11.3.rel1.win32_1.1.100.202309141235/tools/bin/../lib/gcc/arm-none-eabi/11.3.1/thumb/v7e-m+fp/hard\libgcc.a
LOAD C:/ST/STM32CubeIDE_1.10.1/STM32CubeIDE/plugins/com.st.stm32cube.ide.mcu.externaltools.gnu-tools-for-stm32.11.3.rel1.win32_1.1.100.202309141235/tools/bin/../lib/gcc/arm-none-eabi/11.3.1/../../../../arm-none-eabi/lib/thumb/v7e-m+fp/hard\libc_nano.a
END GROUP
START GROUP
LOAD C:/ST/STM32CubeIDE_1.10.1/STM32CubeIDE/plugins/com.st.stm32cube.ide.mcu.externaltools.gnu-tools-for-stm32.11.3.rel1.win32_1.1.100.202309141235/tools/bin/../lib/gcc/arm-none-eabi/11.3.1/thumb/v7e-m+fp/hard\libgcc.a
LOAD C:/ST/STM32CubeIDE_1.10.1/STM32CubeIDE/plugins/com.st.stm32cube.ide.mcu.externaltools.gnu-tools-for-stm32.11.3.rel1.win32_1.1.100.202309141235/tools/bin/../lib/gcc/arm-none-eabi/11.3.1/../../../../arm-none-eabi/lib/thumb/v7e-m+fp/hard\libc_nano.a
LOAD C:/ST/STM32CubeIDE_1.10.1/STM32CubeIDE/plugins/com.st.stm32cube.ide.mcu.externaltools.gnu-tools-for-stm32.11.3.rel1.win32_1.1.100.202309141235/tools/bin/../lib/gcc/arm-none-eabi/11.3.1/../../../../arm-none-eabi/lib/thumb/v7e-m+fp/hard\libnosys.a
END GROUP
START GROUP
LOAD C:/ST/STM32CubeIDE_1.10.1/STM32CubeIDE/plugins/com.st.stm32cube.ide.mcu.externaltools.gnu-tools-for-stm32.11.3.rel1.win32_1.1.100.202309141235/tools/bin/../lib/gcc/arm-none-eabi/11.3.1/thumb/v7e-m+fp/hard\libgcc.a
LOAD C:/ST/STM32CubeIDE_1.10.1/STM32CubeIDE/plugins/com.st.stm32cube.ide.mcu.externaltools.gnu-tools-for-stm32.11.3.rel1.win32_1.1.100.202309141235/tools/bin/../lib/gcc/arm-none-eabi/11.3.1/../../../../arm-none-eabi/lib/thumb/v7e-m+fp/hard\libc_nano.a
LOAD C:/ST/STM32CubeIDE_1.10.1/STM32CubeIDE/plugins/com.st.stm32cube.ide.mcu.externaltools.gnu-tools-for-stm32.11.3.rel1.win32_1.1.100.202309141235/tools/bin/../lib/gcc/arm-none-eabi/11.3.1/../../../../arm-none-eabi/lib/thumb/v7e-m+fp/hard\libnosys.a
END GROUP
LOAD C:/ST/STM32CubeIDE_1.10.1/STM32CubeIDE/plugins/com.st.stm32cube.ide.mcu.externaltools.gnu-tools-for-stm32.11.3.rel1.win32_1.1.100.202309141235/tools/bin/../lib/gcc/arm-none-eabi/11.3.1/thumb/v7e-m+fp/hard/crtend.o
LOAD C:/ST/STM32CubeIDE_1.10.1/STM32CubeIDE/plugins/com.st.stm32cube.ide.mcu.externaltools.gnu-tools-for-stm32.11.3.rel1.win32_1.1.100.202309141235/tools/bin/../lib/gcc/arm-none-eabi/11.3.1/thumb/v7e-m+fp/hard/crtn.o
                0x0000000020020000                _estack = (ORIGIN (RAM) + LENGTH (RAM))
                0x0000000000000200                _Min_Heap_Size = 0x200
                0x0000000000000400                _Min_Stack_Size = 0x400

.isr_vector     0x0000000008000000      0x198
                0x0000000008000000                . = ALIGN (0x4)
 *(.isr_vector)
 .isr_vector    0x0000000008000000      0x198 ./Startup/startup_stm32f411retx.o
                0x0000000008000000                g_pfnVectors
                0x0000000008000198                . = ALIGN (0x4)

.text           0x0000000008000198      0x494
                0x0000000008000198                . = ALIGN (0x4)
 *(.text)
 .text          0x0000000008000198       0x40 C:/ST/STM32CubeIDE_1.10.1/STM32CubeIDE/plugins/com.st.stm32cube.ide.mcu.externaltools.gnu-tools-for-stm32.11.3.rel1.win32_1.1.100.202309141235/tools/bin/../lib/gcc/arm-none-eabi/11.3.1/thumb/v7e-m+fp/hard/crtbegin.o
 *(.text*)
 .text.SystemInit
                0x00000000080001d8       0x24 ./CMSIS/src/system_stm32f4xx.o
                0x00000000080001d8                SystemInit
 .text.RCC_Init
                0x00000000080001fc      0x1e8 ./Core/src/RCC_F411.o
                0x00000000080001fc                RCC_Init
 .text.Systick_init
                0x00000000080003e4       0x84 ./Core/src/RCC_F411.o
                0x00000000080003e4                Systick_init
 .text.GPIO_LCD_Init
                0x0000000008000468       0xfc ./Core/src/ili9341.o
                0x0000000008000468                GPIO_LCD_Init
 .text.main     0x0000000008000564       0x12 ./Core/src/main.o
                0x0000000008000564                main
 *fill*         0x0000000008000576        0x2 
 .text.Reset_Handler
                0x0000000008000578       0x50 ./Startup/startup_stm32f411retx.o
                0x0000000008000578                Reset_Handler
 .text.Default_Handler
                0x00000000080005c8        0x2 ./Startup/startup_stm32f411retx.o
                0x00000000080005c8                RTC_Alarm_IRQHandler
                0x00000000080005c8                EXTI2_IRQHandler
                0x00000000080005c8                DebugMon_Handler
                0x00000000080005c8                SPI4_IRQHandler
                0x00000000080005c8                TIM1_CC_IRQHandler
                0x00000000080005c8                DMA2_Stream5_IRQHandler
                0x00000000080005c8                HardFault_Handler
                0x00000000080005c8                DMA1_Stream5_IRQHandler
                0x00000000080005c8                SysTick_Handler
                0x00000000080005c8                PVD_IRQHandler
                0x00000000080005c8                SDIO_IRQHandler
                0x00000000080005c8                TAMP_STAMP_IRQHandler
                0x00000000080005c8                PendSV_Handler
                0x00000000080005c8                NMI_Handler
                0x00000000080005c8                EXTI3_IRQHandler
                0x00000000080005c8                TIM1_UP_TIM10_IRQHandler
                0x00000000080005c8                I2C3_ER_IRQHandler
                0x00000000080005c8                EXTI0_IRQHandler
                0x00000000080005c8                I2C2_EV_IRQHandler
                0x00000000080005c8                DMA1_Stream2_IRQHandler
                0x00000000080005c8                UsageFault_Handler
                0x00000000080005c8                DMA2_Stream2_IRQHandler
                0x00000000080005c8                SPI1_IRQHandler
                0x00000000080005c8                TIM1_BRK_TIM9_IRQHandler
                0x00000000080005c8                DMA2_Stream3_IRQHandler
                0x00000000080005c8                USART6_IRQHandler
                0x00000000080005c8                DMA2_Stream0_IRQHandler
                0x00000000080005c8                TIM4_IRQHandler
                0x00000000080005c8                I2C1_EV_IRQHandler
                0x00000000080005c8                DMA1_Stream6_IRQHandler
                0x00000000080005c8                DMA1_Stream1_IRQHandler
                0x00000000080005c8                TIM3_IRQHandler
                0x00000000080005c8                RCC_IRQHandler
                0x00000000080005c8                Default_Handler
                0x00000000080005c8                EXTI15_10_IRQHandler
                0x00000000080005c8                ADC_IRQHandler
                0x00000000080005c8                DMA1_Stream7_IRQHandler
                0x00000000080005c8                SPI5_IRQHandler
                0x00000000080005c8                TIM5_IRQHandler
                0x00000000080005c8                DMA2_Stream7_IRQHandler
                0x00000000080005c8                I2C3_EV_IRQHandler
                0x00000000080005c8                EXTI9_5_IRQHandler
                0x00000000080005c8                RTC_WKUP_IRQHandler
                0x00000000080005c8                SPI2_IRQHandler
                0x00000000080005c8                MemManage_Handler
                0x00000000080005c8                DMA1_Stream0_IRQHandler
                0x00000000080005c8                SVC_Handler
                0x00000000080005c8                EXTI4_IRQHandler
                0x00000000080005c8                WWDG_IRQHandler
                0x00000000080005c8                TIM2_IRQHandler
                0x00000000080005c8                OTG_FS_WKUP_IRQHandler
                0x00000000080005c8                TIM1_TRG_COM_TIM11_IRQHandler
                0x00000000080005c8                EXTI1_IRQHandler
                0x00000000080005c8                USART2_IRQHandler
                0x00000000080005c8                I2C2_ER_IRQHandler
                0x00000000080005c8                DMA2_Stream1_IRQHandler
                0x00000000080005c8                FLASH_IRQHandler
                0x00000000080005c8                DMA2_Stream4_IRQHandler
                0x00000000080005c8                BusFault_Handler
                0x00000000080005c8                USART1_IRQHandler
                0x00000000080005c8                OTG_FS_IRQHandler
                0x00000000080005c8                SPI3_IRQHandler
                0x00000000080005c8                DMA1_Stream4_IRQHandler
                0x00000000080005c8                I2C1_ER_IRQHandler
                0x00000000080005c8                DMA2_Stream6_IRQHandler
                0x00000000080005c8                DMA1_Stream3_IRQHandler
 *fill*         0x00000000080005ca        0x2 
 .text.__libc_init_array
                0x00000000080005cc       0x48 C:/ST/STM32CubeIDE_1.10.1/STM32CubeIDE/plugins/com.st.stm32cube.ide.mcu.externaltools.gnu-tools-for-stm32.11.3.rel1.win32_1.1.100.202309141235/tools/bin/../lib/gcc/arm-none-eabi/11.3.1/../../../../arm-none-eabi/lib/thumb/v7e-m+fp/hard\libc_nano.a(libc_a-init.o)
                0x00000000080005cc                __libc_init_array
 *(.glue_7)
 .glue_7        0x0000000008000614        0x0 linker stubs
 *(.glue_7t)
 .glue_7t       0x0000000008000614        0x0 linker stubs
 *(.eh_frame)
 .eh_frame      0x0000000008000614        0x0 C:/ST/STM32CubeIDE_1.10.1/STM32CubeIDE/plugins/com.st.stm32cube.ide.mcu.externaltools.gnu-tools-for-stm32.11.3.rel1.win32_1.1.100.202309141235/tools/bin/../lib/gcc/arm-none-eabi/11.3.1/thumb/v7e-m+fp/hard/crtbegin.o
 *(.init)
 .init          0x0000000008000614        0x4 C:/ST/STM32CubeIDE_1.10.1/STM32CubeIDE/plugins/com.st.stm32cube.ide.mcu.externaltools.gnu-tools-for-stm32.11.3.rel1.win32_1.1.100.202309141235/tools/bin/../lib/gcc/arm-none-eabi/11.3.1/thumb/v7e-m+fp/hard/crti.o
                0x0000000008000614                _init
 .init          0x0000000008000618        0x8 C:/ST/STM32CubeIDE_1.10.1/STM32CubeIDE/plugins/com.st.stm32cube.ide.mcu.externaltools.gnu-tools-for-stm32.11.3.rel1.win32_1.1.100.202309141235/tools/bin/../lib/gcc/arm-none-eabi/11.3.1/thumb/v7e-m+fp/hard/crtn.o
 *(.fini)
 .fini          0x0000000008000620        0x4 C:/ST/STM32CubeIDE_1.10.1/STM32CubeIDE/plugins/com.st.stm32cube.ide.mcu.externaltools.gnu-tools-for-stm32.11.3.rel1.win32_1.1.100.202309141235/tools/bin/../lib/gcc/arm-none-eabi/11.3.1/thumb/v7e-m+fp/hard/crti.o
                0x0000000008000620                _fini
 .fini          0x0000000008000624        0x8 C:/ST/STM32CubeIDE_1.10.1/STM32CubeIDE/plugins/com.st.stm32cube.ide.mcu.externaltools.gnu-tools-for-stm32.11.3.rel1.win32_1.1.100.202309141235/tools/bin/../lib/gcc/arm-none-eabi/11.3.1/thumb/v7e-m+fp/hard/crtn.o
                0x000000000800062c                . = ALIGN (0x4)
                0x000000000800062c                _etext = .

.vfp11_veneer   0x000000000800062c        0x0
 .vfp11_veneer  0x000000000800062c        0x0 linker stubs

.v4_bx          0x000000000800062c        0x0
 .v4_bx         0x000000000800062c        0x0 linker stubs

.iplt           0x000000000800062c        0x0
 .iplt          0x000000000800062c        0x0 C:/ST/STM32CubeIDE_1.10.1/STM32CubeIDE/plugins/com.st.stm32cube.ide.mcu.externaltools.gnu-tools-for-stm32.11.3.rel1.win32_1.1.100.202309141235/tools/bin/../lib/gcc/arm-none-eabi/11.3.1/thumb/v7e-m+fp/hard/crtbegin.o

.rel.dyn        0x000000000800062c        0x0
 .rel.iplt      0x000000000800062c        0x0 C:/ST/STM32CubeIDE_1.10.1/STM32CubeIDE/plugins/com.st.stm32cube.ide.mcu.externaltools.gnu-tools-for-stm32.11.3.rel1.win32_1.1.100.202309141235/tools/bin/../lib/gcc/arm-none-eabi/11.3.1/thumb/v7e-m+fp/hard/crtbegin.o

.rodata         0x000000000800062c        0x0
                0x000000000800062c                . = ALIGN (0x4)
 *(.rodata)
 *(.rodata*)
                0x000000000800062c                . = ALIGN (0x4)

.ARM.extab      0x000000000800062c        0x0
                0x000000000800062c                . = ALIGN (0x4)
 *(.ARM.extab* .gnu.linkonce.armextab.*)
                0x000000000800062c                . = ALIGN (0x4)

.ARM            0x000000000800062c        0x0
                0x000000000800062c                . = ALIGN (0x4)
                0x000000000800062c                __exidx_start = .
 *(.ARM.exidx*)
                0x000000000800062c                __exidx_end = .
                0x000000000800062c                . = ALIGN (0x4)

.preinit_array  0x000000000800062c        0x0
                0x000000000800062c                . = ALIGN (0x4)
                0x000000000800062c                PROVIDE (__preinit_array_start = .)
 *(.preinit_array*)
                0x000000000800062c                PROVIDE (__preinit_array_end = .)
                0x000000000800062c                . = ALIGN (0x4)

.init_array     0x000000000800062c        0x4
                0x000000000800062c                . = ALIGN (0x4)
                0x000000000800062c                PROVIDE (__init_array_start = .)
 *(SORT_BY_NAME(.init_array.*))
 *(.init_array*)
 .init_array    0x000000000800062c        0x4 C:/ST/STM32CubeIDE_1.10.1/STM32CubeIDE/plugins/com.st.stm32cube.ide.mcu.externaltools.gnu-tools-for-stm32.11.3.rel1.win32_1.1.100.202309141235/tools/bin/../lib/gcc/arm-none-eabi/11.3.1/thumb/v7e-m+fp/hard/crtbegin.o
                0x0000000008000630                PROVIDE (__init_array_end = .)
                0x0000000008000630                . = ALIGN (0x4)

.fini_array     0x0000000008000630        0x4
                0x0000000008000630                . = ALIGN (0x4)
                [!provide]                        PROVIDE (__fini_array_start = .)
 *(SORT_BY_NAME(.fini_array.*))
 *(.fini_array*)
 .fini_array    0x0000000008000630        0x4 C:/ST/STM32CubeIDE_1.10.1/STM32CubeIDE/plugins/com.st.stm32cube.ide.mcu.externaltools.gnu-tools-for-stm32.11.3.rel1.win32_1.1.100.202309141235/tools/bin/../lib/gcc/arm-none-eabi/11.3.1/thumb/v7e-m+fp/hard/crtbegin.o
                [!provide]                        PROVIDE (__fini_array_end = .)
                0x0000000008000634                . = ALIGN (0x4)
                0x0000000008000634                _sidata = LOADADDR (.data)

.data           0x0000000020000000        0x0 load address 0x0000000008000634
                0x0000000020000000                . = ALIGN (0x4)
                0x0000000020000000                _sdata = .
 *(.data)
 *(.data*)
 *(.RamFunc)
 *(.RamFunc*)
                0x0000000020000000                . = ALIGN (0x4)
                0x0000000020000000                _edata = .

.igot.plt       0x0000000020000000        0x0 load address 0x0000000008000634
 .igot.plt      0x0000000020000000        0x0 C:/ST/STM32CubeIDE_1.10.1/STM32CubeIDE/plugins/com.st.stm32cube.ide.mcu.externaltools.gnu-tools-for-stm32.11.3.rel1.win32_1.1.100.202309141235/tools/bin/../lib/gcc/arm-none-eabi/11.3.1/thumb/v7e-m+fp/hard/crtbegin.o
                0x0000000020000000                . = ALIGN (0x4)

.bss            0x0000000020000000       0x1c load address 0x0000000008000634
                0x0000000020000000                _sbss = .
                0x0000000020000000                __bss_start__ = _sbss
 *(.bss)
 .bss           0x0000000020000000       0x1c C:/ST/STM32CubeIDE_1.10.1/STM32CubeIDE/plugins/com.st.stm32cube.ide.mcu.externaltools.gnu-tools-for-stm32.11.3.rel1.win32_1.1.100.202309141235/tools/bin/../lib/gcc/arm-none-eabi/11.3.1/thumb/v7e-m+fp/hard/crtbegin.o
 *(.bss*)
 *(COMMON)
                0x000000002000001c                . = ALIGN (0x4)
                0x000000002000001c                _ebss = .
                0x000000002000001c                __bss_end__ = _ebss

._user_heap_stack
                0x000000002000001c      0x604 load address 0x0000000008000634
                0x0000000020000020                . = ALIGN (0x8)
 *fill*         0x000000002000001c        0x4 
                0x0000000020000020                PROVIDE (end = .)
                [!provide]                        PROVIDE (_end = .)
                0x0000000020000220                . = (. + _Min_Heap_Size)
 *fill*         0x0000000020000020      0x200 
                0x0000000020000620                . = (. + _Min_Stack_Size)
 *fill*         0x0000000020000220      0x400 
                0x0000000020000620                . = ALIGN (0x8)

/DISCARD/
 libc.a(*)
 libm.a(*)
 libgcc.a(*)

.ARM.attributes
                0x0000000000000000       0x30
 *(.ARM.attributes)
 .ARM.attributes
                0x0000000000000000       0x1e C:/ST/STM32CubeIDE_1.10.1/STM32CubeIDE/plugins/com.st.stm32cube.ide.mcu.externaltools.gnu-tools-for-stm32.11.3.rel1.win32_1.1.100.202309141235/tools/bin/../lib/gcc/arm-none-eabi/11.3.1/thumb/v7e-m+fp/hard/crti.o
 .ARM.attributes
                0x000000000000001e       0x34 C:/ST/STM32CubeIDE_1.10.1/STM32CubeIDE/plugins/com.st.stm32cube.ide.mcu.externaltools.gnu-tools-for-stm32.11.3.rel1.win32_1.1.100.202309141235/tools/bin/../lib/gcc/arm-none-eabi/11.3.1/thumb/v7e-m+fp/hard/crtbegin.o
 .ARM.attributes
                0x0000000000000052       0x34 ./CMSIS/src/system_stm32f4xx.o
 .ARM.attributes
                0x0000000000000086       0x34 ./Core/src/RCC_F411.o
 .ARM.attributes
                0x00000000000000ba       0x34 ./Core/src/ili9341.o
 .ARM.attributes
                0x00000000000000ee       0x34 ./Core/src/main.o
 .ARM.attributes
                0x0000000000000122       0x21 ./Startup/startup_stm32f411retx.o
 .ARM.attributes
                0x0000000000000143       0x34 C:/ST/STM32CubeIDE_1.10.1/STM32CubeIDE/plugins/com.st.stm32cube.ide.mcu.externaltools.gnu-tools-for-stm32.11.3.rel1.win32_1.1.100.202309141235/tools/bin/../lib/gcc/arm-none-eabi/11.3.1/../../../../arm-none-eabi/lib/thumb/v7e-m+fp/hard\libc_nano.a(libc_a-init.o)
 .ARM.attributes
                0x0000000000000177       0x1e C:/ST/STM32CubeIDE_1.10.1/STM32CubeIDE/plugins/com.st.stm32cube.ide.mcu.externaltools.gnu-tools-for-stm32.11.3.rel1.win32_1.1.100.202309141235/tools/bin/../lib/gcc/arm-none-eabi/11.3.1/thumb/v7e-m+fp/hard/crtn.o
OUTPUT(Nucleo_F411_Cmsis.elf elf32-littlearm)
LOAD linker stubs
LOAD C:/ST/STM32CubeIDE_1.10.1/STM32CubeIDE/plugins/com.st.stm32cube.ide.mcu.externaltools.gnu-tools-for-stm32.11.3.rel1.win32_1.1.100.202309141235/tools/bin/../lib/gcc/arm-none-eabi/11.3.1/../../../../arm-none-eabi/lib/thumb/v7e-m+fp/hard\libc.a
LOAD C:/ST/STM32CubeIDE_1.10.1/STM32CubeIDE/plugins/com.st.stm32cube.ide.mcu.externaltools.gnu-tools-for-stm32.11.3.rel1.win32_1.1.100.202309141235/tools/bin/../lib/gcc/arm-none-eabi/11.3.1/../../../../arm-none-eabi/lib/thumb/v7e-m+fp/hard\libm.a
LOAD C:/ST/STM32CubeIDE_1.10.1/STM32CubeIDE/plugins/com.st.stm32cube.ide.mcu.externaltools.gnu-tools-for-stm32.11.3.rel1.win32_1.1.100.202309141235/tools/bin/../lib/gcc/arm-none-eabi/11.3.1/thumb/v7e-m+fp/hard\libgcc.a

.comment        0x0000000000000000       0x43
 .comment       0x0000000000000000       0x43 C:/ST/STM32CubeIDE_1.10.1/STM32CubeIDE/plugins/com.st.stm32cube.ide.mcu.externaltools.gnu-tools-for-stm32.11.3.rel1.win32_1.1.100.202309141235/tools/bin/../lib/gcc/arm-none-eabi/11.3.1/thumb/v7e-m+fp/hard/crtbegin.o
                                         0x44 (size before relaxing)
 .comment       0x0000000000000043       0x44 ./CMSIS/src/system_stm32f4xx.o
 .comment       0x0000000000000043       0x44 ./Core/src/RCC_F411.o
 .comment       0x0000000000000043       0x44 ./Core/src/ili9341.o
 .comment       0x0000000000000043       0x44 ./Core/src/main.o

.debug_info     0x0000000000000000      0xab5
 .debug_info    0x0000000000000000      0x537 ./CMSIS/src/system_stm32f4xx.o
 .debug_info    0x0000000000000537      0x360 ./Core/src/RCC_F411.o
 .debug_info    0x0000000000000897      0x139 ./Core/src/ili9341.o
 .debug_info    0x00000000000009d0       0xc2 ./Core/src/main.o
 .debug_info    0x0000000000000a92       0x23 ./Startup/startup_stm32f411retx.o

.debug_abbrev   0x0000000000000000      0x353
 .debug_abbrev  0x0000000000000000      0x11a ./CMSIS/src/system_stm32f4xx.o
 .debug_abbrev  0x000000000000011a       0xed ./Core/src/RCC_F411.o
 .debug_abbrev  0x0000000000000207       0xb1 ./Core/src/ili9341.o
 .debug_abbrev  0x00000000000002b8       0x89 ./Core/src/main.o
 .debug_abbrev  0x0000000000000341       0x12 ./Startup/startup_stm32f411retx.o

.debug_aranges  0x0000000000000000       0xb8
 .debug_aranges
                0x0000000000000000       0x28 ./CMSIS/src/system_stm32f4xx.o
 .debug_aranges
                0x0000000000000028       0x28 ./Core/src/RCC_F411.o
 .debug_aranges
                0x0000000000000050       0x20 ./Core/src/ili9341.o
 .debug_aranges
                0x0000000000000070       0x20 ./Core/src/main.o
 .debug_aranges
                0x0000000000000090       0x28 ./Startup/startup_stm32f411retx.o

.debug_rnglists
                0x0000000000000000       0x75
 .debug_rnglists
                0x0000000000000000       0x1a ./CMSIS/src/system_stm32f4xx.o
 .debug_rnglists
                0x000000000000001a       0x1b ./Core/src/RCC_F411.o
 .debug_rnglists
                0x0000000000000035       0x14 ./Core/src/ili9341.o
 .debug_rnglists
                0x0000000000000049       0x13 ./Core/src/main.o
 .debug_rnglists
                0x000000000000005c       0x19 ./Startup/startup_stm32f411retx.o

.debug_macro    0x0000000000000000     0xdffe
 .debug_macro   0x0000000000000000       0xda ./CMSIS/src/system_stm32f4xx.o
 .debug_macro   0x00000000000000da      0xab4 ./CMSIS/src/system_stm32f4xx.o
 .debug_macro   0x0000000000000b8e       0x2e ./CMSIS/src/system_stm32f4xx.o
 .debug_macro   0x0000000000000bbc       0x28 ./CMSIS/src/system_stm32f4xx.o
 .debug_macro   0x0000000000000be4       0x22 ./CMSIS/src/system_stm32f4xx.o
 .debug_macro   0x0000000000000c06       0x8e ./CMSIS/src/system_stm32f4xx.o
 .debug_macro   0x0000000000000c94       0x51 ./CMSIS/src/system_stm32f4xx.o
 .debug_macro   0x0000000000000ce5      0x103 ./CMSIS/src/system_stm32f4xx.o
 .debug_macro   0x0000000000000de8       0x6a ./CMSIS/src/system_stm32f4xx.o
 .debug_macro   0x0000000000000e52      0x1df ./CMSIS/src/system_stm32f4xx.o
 .debug_macro   0x0000000000001031       0x1c ./CMSIS/src/system_stm32f4xx.o
 .debug_macro   0x000000000000104d       0x22 ./CMSIS/src/system_stm32f4xx.o
 .debug_macro   0x000000000000106f       0xd9 ./CMSIS/src/system_stm32f4xx.o
 .debug_macro   0x0000000000001148     0x102d ./CMSIS/src/system_stm32f4xx.o
 .debug_macro   0x0000000000002175      0x11f ./CMSIS/src/system_stm32f4xx.o
 .debug_macro   0x0000000000002294     0xb953 ./CMSIS/src/system_stm32f4xx.o
 .debug_macro   0x000000000000dbe7       0x6d ./CMSIS/src/system_stm32f4xx.o
 .debug_macro   0x000000000000dc54       0xe1 ./Core/src/RCC_F411.o
 .debug_macro   0x000000000000dd35       0x10 ./Core/src/RCC_F411.o
 .debug_macro   0x000000000000dd45       0xf4 ./Core/src/ili9341.o
 .debug_macro   0x000000000000de39       0xa0 ./Core/src/ili9341.o
 .debug_macro   0x000000000000ded9      0x125 ./Core/src/main.o

.debug_line     0x0000000000000000     0x16c1
 .debug_line    0x0000000000000000      0x579 ./CMSIS/src/system_stm32f4xx.o
 .debug_line    0x0000000000000579      0x5d8 ./Core/src/RCC_F411.o
 .debug_line    0x0000000000000b51      0x57a ./Core/src/ili9341.o
 .debug_line    0x00000000000010cb      0x57b ./Core/src/main.o
 .debug_line    0x0000000000001646       0x7b ./Startup/startup_stm32f411retx.o

.debug_str      0x0000000000000000    0x50651
 .debug_str     0x0000000000000000    0x4fb7d ./CMSIS/src/system_stm32f4xx.o
                                      0x4fcee (size before relaxing)
 .debug_str     0x000000000004fb7d       0xa7 ./Core/src/RCC_F411.o
                                      0x4fc6e (size before relaxing)
 .debug_str     0x000000000004fc24      0x35d ./Core/src/ili9341.o
                                      0x4fe11 (size before relaxing)
 .debug_str     0x000000000004ff81      0x6a1 ./Core/src/main.o
                                      0x5025a (size before relaxing)
 .debug_str     0x0000000000050622       0x2f ./Startup/startup_stm32f411retx.o
                                         0x6f (size before relaxing)

.debug_frame    0x0000000000000000      0x130
 .debug_frame   0x0000000000000000       0x58 ./CMSIS/src/system_stm32f4xx.o
 .debug_frame   0x0000000000000058       0x50 ./Core/src/RCC_F411.o
 .debug_frame   0x00000000000000a8       0x30 ./Core/src/ili9341.o
 .debug_frame   0x00000000000000d8       0x2c ./Core/src/main.o
 .debug_frame   0x0000000000000104       0x2c C:/ST/STM32CubeIDE_1.10.1/STM32CubeIDE/plugins/com.st.stm32cube.ide.mcu.externaltools.gnu-tools-for-stm32.11.3.rel1.win32_1.1.100.202309141235/tools/bin/../lib/gcc/arm-none-eabi/11.3.1/../../../../arm-none-eabi/lib/thumb/v7e-m+fp/hard\libc_nano.a(libc_a-init.o)

.debug_line_str
                0x0000000000000000       0x63
 .debug_line_str
                0x0000000000000000       0x63 ./Startup/startup_stm32f411retx.o
                                         0x7b (size before relaxing)
